ID						RECLAIMABLE	SIZE		LAST ACCESSED
btja2bym2yc3lpkdkskunxliq               	true 		64.5kB    	17 hours ago
Total:	64.5kB
ID						RECLAIMABLE	SIZE		LAST ACCESSED
oxef6si0gnudaupjbtesxtn82               	true 		68.96kB   	15 hours ago
Total:	68.96kB
Total:	0B
ID						RECLAIMABLE	SIZE		LAST ACCESSED
joxh2r2kb4f75injb6brksqbk               	true 		315.3kB   	18 hours ago
Total:	315.3kB
Total:	0B
ID						RECLAIMABLE	SIZE		LAST ACCESSED
rklxi2xm2ppn35c645dgaa7nl               	true 		315.5kB   	17 hours ago
Total:	315.5kB
Total:	0B
Total:	0B
Total:	0B
Total:	0B
Total:	0B
Total:	0B
ID						RECLAIMABLE	SIZE		LAST ACCESSED
8iomlk0y7bcatafwx4rrr6krv               	true 		338.9kB   	13 hours ago
Total:	338.9kB
ID						RECLAIMABLE	SIZE		LAST ACCESSED
pzip88k7l2sr4cbycxh3h0vr9               	true 		339kB     	13 hours ago
Total:	339kB
ID						RECLAIMABLE	SIZE		LAST ACCESSED
nbg6ljzz95q3ocpml8d5f7dle               	true 		340kB     	13 hours ago
Total:	340kB
Total:	0B
ID						RECLAIMABLE	SIZE		LAST ACCESSED
ga5ibgzvodjrsaqqvwhwyn5r7               	true 		344kB     	13 hours ago
Total:	344kB
ID						RECLAIMABLE	SIZE		LAST ACCESSED
4ui0e4mezd3m6ft955swxdso7               	true 		344.1kB   	13 hours ago
Total:	344.1kB
ID						RECLAIMABLE	SIZE		LAST ACCESSED
lqn2qt2sjezp6ajx6pb55user               	true 		344.5kB   	11 hours ago
Total:	344.5kB
Total:	0B
ID						RECLAIMABLE	SIZE		LAST ACCESSED
3llygtwmmabavuwk9t51i24cw*              	true 		11MB      	11 minutes ago
Total:	11MB
ID						RECLAIMABLE	SIZE		LAST ACCESSED
hoql4b3avlbqmrkni0adndvem*              	true 		11MB      	9 minutes ago
Total:	11MB
ID						RECLAIMABLE	SIZE		LAST ACCESSED
w424ea1as4i9yjx76ky3saxey*              	true 		11.02MB   	34 minutes ago
Total:	11.02MB
ID						RECLAIMABLE	SIZE		LAST ACCESSED
ztt4ioii1cfbnsw7rsrxcunpu               	true 		16.7MB    	11 minutes ago
Total:	16.7MB
ID						RECLAIMABLE	SIZE		LAST ACCESSED
pjtt95rllo3t83y5a2njo8cl6               	true 		16.7MB    	10 minutes ago
Total:	16.7MB
ID						RECLAIMABLE	SIZE		LAST ACCESSED
lvit0dlrabxaxdaj2fwgpdmmb               	true 		16.75MB   	34 minutes ago
Total:	16.75MB
ID						RECLAIMABLE	SIZE		LAST ACCESSED
4de0i9fjm5aozpbmgtvhgezs3*              	true 		16.76MB   	11 hours ago
Total:	16.76MB
ID						RECLAIMABLE	SIZE		LAST ACCESSED
5hf9di1hizjpi3rzs4gv0q0yl*              	true 		16.76MB   	12 hours ago
Total:	16.76MB
ID						RECLAIMABLE	SIZE		LAST ACCESSED
l9gupzyogfmyktyxdlq61q62f*              	true 		16.76MB   	12 hours ago
Total:	16.76MB
ID						RECLAIMABLE	SIZE		LAST ACCESSED
c0e0tip6t0odq4wivninkf594*              	true 		16.78MB   	2 hours ago
Total:	16.78MB
ID						RECLAIMABLE	SIZE		LAST ACCESSED
ndiw847ujgug2obcn79lze1b7*              	true 		16.79MB   	2 hours ago
Total:	16.79MB
ID						RECLAIMABLE	SIZE		LAST ACCESSED
slxi2opz5ci4janh6wa1547gy*              	true 		16.79MB   	11 hours ago
Total:	16.79MB
ID						RECLAIMABLE	SIZE		LAST ACCESSED
tlzvduyyx4834o1z6bxwsxblf*              	true 		16.79MB   	About an hour ago
Total:	16.79MB
ID						RECLAIMABLE	SIZE		LAST ACCESSED
udxk97elzuvftasmavpw5vevb*              	true 		16.79MB   	11 hours ago
Total:	16.79MB
ID						RECLAIMABLE	SIZE		LAST ACCESSED
vn6shwfkjt1arxqafmth87hyv*              	true 		16.79MB   	11 hours ago
Total:	16.79MB
ID						RECLAIMABLE	SIZE		LAST ACCESSED
medq97nu7t8cixf17nks8xetn               	true 		16.82MB   	17 hours ago
Total:	16.82MB
ID						RECLAIMABLE	SIZE		LAST ACCESSED
2nif3ucqbfyxq5rt63e07tihn               	true 		16.84MB   	15 hours ago
Total:	16.84MB
ID						RECLAIMABLE	SIZE		LAST ACCESSED
jxd5ml2j4xhq58a6pg9jy6k5v               	true 		24.1MB    	2 hours ago
Total:	24.1MB
ID						RECLAIMABLE	SIZE		LAST ACCESSED
wbn8wp4aj91e7queu4izqn4c0               	true 		24.1MB    	2 hours ago
Total:	24.1MB
ID						RECLAIMABLE	SIZE		LAST ACCESSED
naojfs5ywb8v3exen6pel4y3q               	true 		24.1MB    	11 hours ago
Total:	24.1MB
ID						RECLAIMABLE	SIZE		LAST ACCESSED
qo4ukq0p54w9zs5mk2kgi35zx               	true 		24.1MB    	11 hours ago
Total:	24.1MB
ID						RECLAIMABLE	SIZE		LAST ACCESSED
t1dp64i6ddfxfzlnkfw78ovdq               	true 		24.1MB    	11 hours ago
Total:	24.1MB
ID						RECLAIMABLE	SIZE		LAST ACCESSED
osbhc26mg546csn4aymzjbh98               	true 		24.1MB    	12 hours ago
Total:	24.1MB
ID						RECLAIMABLE	SIZE		LAST ACCESSED
oitli7swswp4zd8hr7j3v7f3q               	true 		26.91MB   	18 hours ago
Total:	26.91MB
ID						RECLAIMABLE	SIZE		LAST ACCESSED
j40l37ogaalvwtnsrogpc5ge2               	true 		26.92MB   	18 hours ago
Total:	26.92MB
ID						RECLAIMABLE	SIZE		LAST ACCESSED
mtez86iwba4mvupo8vbjiwbl1               	true 		26.92MB   	17 hours ago
Total:	26.92MB
Total:	0B
Total:	0B
Total:	0B
ID						RECLAIMABLE	SIZE		LAST ACCESSED
voruya59uodvm3cd2uz92ytg0               	true 		27.5MB    	17 hours ago
Total:	27.5MB
Total:	0B
Total:	0B
Total:	0B
Total:	0B
Total:	0B
Total:	0B
ID						RECLAIMABLE	SIZE		LAST ACCESSED
ix5p50kimhhogz64i9gekp8t7               	true 		29.93MB   	22 hours ago
Total:	29.93MB
ID						RECLAIMABLE	SIZE		LAST ACCESSED
fgzyw176wk19y6vpg19ivu1pg               	true 		29.93MB   	22 hours ago
Total:	29.93MB
ID						RECLAIMABLE	SIZE		LAST ACCESSED
miep0bep7bh0h2kyu2zam5tg9               	true 		29.93MB   	22 hours ago
Total:	29.93MB
ID						RECLAIMABLE	SIZE		LAST ACCESSED
i7tu8bh7y1t00i0q29aedrglq               	true 		168.4MB   	12 hours ago
Total:	168.4MB
ID						RECLAIMABLE	SIZE		LAST ACCESSED
kqfyqdrr76bhxafwimeqmcffl               	true 		168.4MB   	12 hours ago
Total:	168.4MB
ID						RECLAIMABLE	SIZE		LAST ACCESSED
sph56lc3vhw18qcgxdvy9xsmv               	true 		168.4MB   	11 hours ago
Total:	168.4MB
ID						RECLAIMABLE	SIZE		LAST ACCESSED
v57h3eckcsh22sxldu8504lww               	true 		168.4MB   	11 hours ago
Total:	168.4MB
ID						RECLAIMABLE	SIZE		LAST ACCESSED
vgz0nvwkx5z7wcwff8c9xga9n               	true 		168.4MB   	11 hours ago
Total:	168.4MB
ID						RECLAIMABLE	SIZE		LAST ACCESSED
wj1bmufpfi5nxa01txios5f47               	true 		168.4MB   	2 hours ago
Total:	168.4MB
ID						RECLAIMABLE	SIZE		LAST ACCESSED
i94tzqbskb79cuh9gdm8ivs02               	true 		168.4MB   	2 hours ago
Total:	168.4MB
ID						RECLAIMABLE	SIZE		LAST ACCESSED
zeyxyq029e5eyjwur8pljxbl8               	true 		168.4MB   	11 hours ago
Total:	168.4MB
ID						RECLAIMABLE	SIZE		LAST ACCESSED
okpwseachvpd9c13z5099d1ii               	true 		168.4MB   	About an hour ago
Total:	168.4MB
Total:	0B
ID						RECLAIMABLE	SIZE		LAST ACCESSED
uk15xc5rulq9ou5l9e2rfg5ma               	true 		168.7MB   	10 minutes ago
Total:	168.7MB
ID						RECLAIMABLE	SIZE		LAST ACCESSED
qgmssni383ctrl9j7n3flavoa               	true 		168.7MB   	11 minutes ago
Total:	168.7MB
ID						RECLAIMABLE	SIZE		LAST ACCESSED
no97w1b0qcpxnakti6e4jq1l6               	true 		168.9MB   	34 minutes ago
Total:	168.9MB
ID						RECLAIMABLE	SIZE		LAST ACCESSED
ub3c02k2opahj6nxs9lo3iwx4*              	true 		181.1MB   	4 minutes ago
Total:	181.1MB
